Testing detection modes:
Mode 0: 7 windows
  First window: python

Mode 1: 8 windows
  First window: python

Mode 2: 0 windows

Mode 3: 0 windows

